// Jest Snapshot v1, https://goo.gl/fbAQLP

exports[`DriverChart should render the DriverChart Component correctly 1`] = `
<div
  className="MuiGrid-root MuiGrid-container MuiGrid-align-items-xs-flex-start"
/>
`;
