// Jest Snapshot v1, https://goo.gl/fbAQLP

exports[`MetricSelection should render the MetricSelection Component correctly 1`] = `ShallowWrapper {}`;
