// Jest Snapshot v1, https://goo.gl/fbAQLP

exports[`PilotSelection should render the PilotSelection Component correctly 1`] = `ShallowWrapper {}`;
